Log file open, 11/17/25 08:03:54
LogTrace: Initializing trace...
LogTrace: Finished trace initialization.
LogInit: Session CrashGUID >====================================================
         Session CrashGUID >   UECC-Windows-C28AB7DC494490FE19804A89549800A5
         Session CrashGUID >====================================================
LogConfig: No local boot hotfix file found at: [../../../../../../Users/keega/OneDrive/Desktop/GitHub/ChungusInteractive/SandsOfSet/Saved/PersistentDownloadDir/HotfixForNextBoot.txt]
LogPluginManager: Mounting Engine plugin PlatformCrypto
LogInit: ExecutableName: UnrealPak.exe
LogInit: Build: ++UE5+Release-5.6-CL-44394996
LogInit: Platform=WindowsEditor
LogInit: MachineId=9dd0cfab42a3a7c7d0a6b09b788d0e16
LogInit: DeviceId=
LogInit: Engine Version: 5.6.1-44394996+++UE5+Release-5.6
LogInit: Compatible Engine Version: 5.6.0-43139311+++UE5+Release-5.6
LogInit: Net CL: 43139311
LogInit: OS: Windows 11 (24H2) [10.0.26100.7171] (), CPU: AMD Ryzen 5 5500                               , GPU: NVIDIA GeForce RTX 3060
LogInit: Compiled (64-bit): Jul 28 2025 21:09:38
LogInit: Architecture: x64
LogInit: Compiled with Visual C++: 19.38.33130.00
LogInit: Build Configuration: Development
LogInit: Branch Name: ++UE5+Release-5.6
LogInit: Command Line: -CreateGlobalContainer=C:\Users\keega\OneDrive\Desktop\GitHub\ChungusInteractive\SandsOfSet\Saved\StagedBuilds\Windows\SandsOfSet\Content\Paks\global.utoc -PackageStoreManifest=C:\Users\keega\OneDrive\Desktop\GitHub\ChungusInteractive\SandsOfSet\Saved\Cooked\Windows\SandsOfSet\Metadata\packagestore.manifest -CookedDirectory=C:\Users\keega\OneDrive\Desktop\GitHub\ChungusInteractive\SandsOfSet\Saved\Cooked\Windows -Commands="C:\Users\keega\AppData\Roaming\Unreal Engine\AutomationTool\Logs\C+Program+Files+Epic+Games+UE_5.6\IoStoreCommands.txt" -ScriptObjects=C:\Users\keega\OneDrive\Desktop\GitHub\ChungusInteractive\SandsOfSet\Saved\Cooked\Windows\SandsOfSet\Metadata\scriptobjects.bin -patchpaddingalign=2048 -compressionformats=Oodle -compresslevel=4 -compressmethod=Kraken -cryptokeys=C:\Users\keega\OneDrive\Desktop\GitHub\ChungusInteractive\SandsOfSet\Saved\Cooked\Windows\SandsOfSet\Metadata\Crypto.json -compressionMinBytesSaved=1024 -compressionMinPercentSaved=5 -WriteBackMetadataToAssetRegistry=Disabled -nopak
LogInit: Base Directory: C:/Program Files/Epic Games/UE_5.6/Engine/Binaries/Win64/
LogInit: Allocator: Mimalloc
LogInit: Installed Engine Build: 1
LogInit: This binary is optimized with LTO: no, PGO: no, instrumented for PGO data collection: no
LogDevObjectVersion: Number of dev versions registered: 35
LogDevObjectVersion:   Dev-Blueprints (B0D832E4-1F89-4F0D-ACCF-7EB736FD4AA2): 10
LogDevObjectVersion:   Dev-Build (E1C64328-A22C-4D53-A36C-8E866417BD8C): 0
LogDevObjectVersion:   Dev-Core (375EC13C-06E4-48FB-B500-84F0262A717E): 4
LogDevObjectVersion:   Dev-Editor (E4B068ED-F494-42E9-A231-DA0B2E46BB41): 40
LogDevObjectVersion:   Dev-Framework (CFFC743F-43B0-4480-9391-14DF171D2073): 37
LogDevObjectVersion:   Dev-Mobile (B02B49B5-BB20-44E9-A304-32B752E40360): 3
LogDevObjectVersion:   Dev-Networking (A4E4105C-59A1-49B5-A7C5-40C4547EDFEE): 0
LogDevObjectVersion:   Dev-Online (39C831C9-5AE6-47DC-9A44-9C173E1C8E7C): 0
LogDevObjectVersion:   Dev-Physics (78F01B33-EBEA-4F98-B9B4-84EACCB95AA2): 20
LogDevObjectVersion:   Dev-Platform (6631380F-2D4D-43E0-8009-CF276956A95A): 0
LogDevObjectVersion:   Dev-Rendering (12F88B9F-8875-4AFC-A67C-D90C383ABD29): 49
LogDevObjectVersion:   Dev-Sequencer (7B5AE74C-D270-4C10-A958-57980B212A5A): 13
LogDevObjectVersion:   Dev-VR (D7296918-1DD6-4BDD-9DE2-64A83CC13884): 3
LogDevObjectVersion:   Dev-LoadTimes (C2A15278-BFE7-4AFE-6C17-90FF531DF755): 1
LogDevObjectVersion:   Private-Geometry (6EACA3D4-40EC-4CC1-B786-8BED09428FC5): 3
LogDevObjectVersion:   Dev-AnimPhys (29E575DD-E0A3-4627-9D10-D276232CDCEA): 17
LogDevObjectVersion:   Dev-Anim (AF43A65D-7FD3-4947-9873-3E8ED9C1BB05): 15
LogDevObjectVersion:   Dev-ReflectionCapture (6B266CEC-1EC7-4B8F-A30B-E4D90942FC07): 1
LogDevObjectVersion:   Dev-Automation (0DF73D61-A23F-47EA-B727-89E90C41499A): 1
LogDevObjectVersion:   FortniteMain (601D1886-AC64-4F84-AA16-D3DE0DEAC7D6): 207
LogDevObjectVersion:   FortniteValkyrie (8DBC2C5B-54A7-43E0-A768-FCBB7DA29060): 8
LogDevObjectVersion:   FortniteSeason (5B4C06B7-2463-4AF8-805B-BF70CDF5D0DD): 13
LogDevObjectVersion:   FortniteRelease (E7086368-6B23-4C58-8439-1B7016265E91): 17
LogDevObjectVersion:   Dev-Enterprise (9DFFBCD6-494F-0158-E221-12823C92A888): 11
LogDevObjectVersion:   Dev-Niagara (F2AED0AC-9AFE-416F-8664-AA7FFA26D6FC): 1
LogDevObjectVersion:   Dev-Destruction (174F1F0B-B4C6-45A5-B13F-2EE8D0FB917D): 10
LogDevObjectVersion:   Dev-Physics-Ext (35F94A83-E258-406C-A318-09F59610247C): 41
LogDevObjectVersion:   Dev-PhysicsMaterial-Chaos (B68FC16E-8B1B-42E2-B453-215C058844FE): 1
LogDevObjectVersion:   Dev-CineCamera (B2E18506-4273-CFC2-A54E-F4BB758BBA07): 1
LogDevObjectVersion:   Dev-VirtualProduction (64F58936-FD1B-42BA-BA96-7289D5D0FA4E): 1
LogDevObjectVersion:   UE5-Main (697DD581-E64F-41AB-AA4A-51ECBEB7B628): 121
LogDevObjectVersion:   UE5-Release (D89B5E42-24BD-4D46-8412-ACA8DF641779): 56
LogDevObjectVersion:   UE5-SpecialProject (59DA5D52-1232-4948-B878-597870B8E98B): 9
LogDevObjectVersion:   Dev-MediaFramework (6F0ED827-A609-4895-9C91-998D90180EA4): 2
LogDevObjectVersion:   Dev-NaniteResearch (30D58BE3-95EA-4282-A6E3-B159D8EBB06A): 1
LogInit: Presizing for max 100000 objects, including 0 objects not considered by GC.
LogInit: Object subsystem initialized
LogConfig: Applying CVar settings from Section [Startup] File [../../../Engine/Config/ConsoleVariables.ini]
LogConfig: CVar [[r.DumpShaderDebugInfo:2]] deferred - dummy variable created
LogConfig: CVar [[p.chaos.AllowCreatePhysxBodies:1]] deferred - dummy variable created
LogConfig: CVar [[fx.SkipVectorVMBackendOptimizations:1]] deferred - dummy variable created
LogConfig: CVar [[ds.CADTranslator.Meshing.ActivateThinZoneMeshing:0]] deferred - dummy variable created
LogConfig: CVar [[ds.CADTranslator.Stitching.RemoveThinFaces:0]] deferred - dummy variable created
[2025.11.17-13.03.54:468][  0]LogConfig: Applying CVar settings from Section [Startup_Windows] File [../../../Engine/Config/ConsoleVariables.ini]
[2025.11.17-13.03.54:468][  0]LogConfig: Applying CVar settings from Section [ConsoleVariables] File [Engine]
[2025.11.17-13.03.54:468][  0]LogInit: Computer: GOOSE
[2025.11.17-13.03.54:468][  0]LogInit: User: keega
[2025.11.17-13.03.54:468][  0]LogInit: CPU Page size=4096, Cores=6
[2025.11.17-13.03.54:468][  0]LogInit: High frequency timer resolution =10.000000 MHz
[2025.11.17-13.03.54:468][  0]LogMemory: Memory total: Physical=31.8GB (32GB approx) Virtual=33.8GB
[2025.11.17-13.03.54:468][  0]LogMemory: Platform Memory Stats for WindowsEditor
[2025.11.17-13.03.54:468][  0]LogMemory: Process Physical Memory: 65.52 MB used, 65.52 MB peak
[2025.11.17-13.03.54:468][  0]LogMemory: Process Virtual Memory: 119.64 MB used, 119.64 MB peak
[2025.11.17-13.03.54:468][  0]LogMemory: Physical Memory: 14115.00 MB used,  18443.76 MB free, 32558.76 MB total
[2025.11.17-13.03.54:468][  0]LogMemory: Virtual Memory: 27219.30 MB used,  7387.46 MB free, 34606.76 MB total
[2025.11.17-13.03.54:475][  0]LogAssetRegistry: FAssetRegistry took 0.0001 seconds to start up
[2025.11.17-13.03.54:476][  0]LogUObjectArray: 462 objects as part of root set at end of initial load.
[2025.11.17-13.03.54:476][  0]LogUObjectArray: CloseDisregardForGC: 0/0 objects in disregard for GC pool
[2025.11.17-13.03.54:476][  0]LogInit: Using OS detected language ().
[2025.11.17-13.03.54:476][  0]LogInit: Using OS detected locale ().
[2025.11.17-13.03.54:477][  0]LogTextLocalizationManager: No localization for '' exists, so 'en' will be used for the language.
[2025.11.17-13.03.54:477][  0]LogTextLocalizationManager: No localization for '' exists, so 'en' will be used for the locale.
[2025.11.17-13.03.54:477][  0]LogInit: Using OS detected language ().
[2025.11.17-13.03.54:477][  0]LogInit: Using OS detected locale ().
[2025.11.17-13.03.54:477][  0]LogTextLocalizationManager: No localization for '' exists, so 'en' will be used for the language.
[2025.11.17-13.03.54:477][  0]LogTextLocalizationManager: No localization for '' exists, so 'en' will be used for the locale.
[2025.11.17-13.03.54:477][  0]LogPakFile: Display: ProjectDir: ../../../../../../Users/keega/OneDrive/Desktop/GitHub/ChungusInteractive/SandsOfSet/
[2025.11.17-13.03.54:478][  0]LogIoStore: Display: ==================== IoStore Utils ====================
[2025.11.17-13.03.54:480][  0]LogIoStore: Display: Parsing crypto keys from a crypto key cache file 'C:\Users\keega\OneDrive\Desktop\GitHub\ChungusInteractive\SandsOfSet\Saved\Cooked\Windows\SandsOfSet\Metadata\Crypto.json'
[2025.11.17-13.03.54:483][  0]LogIoStore: Display: Container signing - DISABLED
[2025.11.17-13.03.54:483][  0]LogIoStore: Display: Directory index - ENABLED
[2025.11.17-13.03.54:483][  0]LogIoStore: Display: Using compression format 'Oodle'
[2025.11.17-13.03.54:483][  0]LogIoStore: Display: Using memory mapping alignment '16384'
[2025.11.17-13.03.54:483][  0]LogIoStore: Display: Using compression block size '65536'
[2025.11.17-13.03.54:483][  0]LogIoStore: Display: Using compression block alignment '2048'
[2025.11.17-13.03.54:483][  0]LogIoStore: Display: Using compression min bytes saved '1024'
[2025.11.17-13.03.54:483][  0]LogIoStore: Display: Using compression min percent saved '5'
[2025.11.17-13.03.54:483][  0]LogIoStore: Display: Using max partition size '0'
[2025.11.17-13.03.54:483][  0]LogIoStore: Display: Not using DDC for compression
[2025.11.17-13.03.54:483][  0]LogIoStore: Display: Using command list file: 'C:\Users\keega\AppData\Roaming\Unreal Engine\AutomationTool\Logs\C+Program+Files+Epic+Games+UE_5.6\IoStoreCommands.txt'
[2025.11.17-13.03.54:505][  0]LogIoStore: Display: Selected Oodle level 4 (Normal) from command line for shaders
[2025.11.17-13.03.54:506][  0]LogIoStore: Display: Fetched 1065 oplog items from Manifest in 0.00 seconds
[2025.11.17-13.03.54:512][  0]LogIoStore: Display: Parsed 1065 oplog items 0.01 seconds, 1455 chunks
[2025.11.17-13.03.54:518][  0]LogIoStore: Display: Using input asset registry: C:/Users/keega/OneDrive/Desktop/GitHub/ChungusInteractive/SandsOfSet/Saved/Cooked/Windows/SandsOfSet/Metadata/DevelopmentAssetRegistry.bin
[2025.11.17-13.03.54:527][  0]LogIoStore: Display: Loaded 402 chunk hashes from AssetRegistry in 0.02 seconds, 402 hashes updated in 0.00 seconds
[2025.11.17-13.03.54:530][  0]LogIoStore: Display: Searching for cooked assets in folder 'C:\Users\keega\OneDrive\Desktop\GitHub\ChungusInteractive\SandsOfSet\Saved\Cooked\Windows'
[2025.11.17-13.03.54:560][  0]LogIoStore: Display: Found '2516' files
[2025.11.17-13.03.54:574][  0]LogIoStore: Display: Creating container targets...
[2025.11.17-13.03.54:580][  0]OodleDataCompression: Display: Oodle v2.9.13 format for pak/iostore with method=Kraken, level=4=Normal
[2025.11.17-13.03.54:628][  0]LogIoStore: Display: Parsing packages...
[2025.11.17-13.03.54:628][  0]LogIoStore: Display: Reading package assets...
[2025.11.17-13.03.54:643][  0]LogIoStore: Display: Reading 1000/1053: 'C:/Users/keega/OneDrive/Desktop/GitHub/ChungusInteractive/SandsOfSet/Saved/Cooked/Windows/Engine/Content/EditorResources/S_BoxReflectionCapture.uasset'
[2025.11.17-13.03.54:644][  0]LogIoStore: Display: Packages read 1,053 files in 0.01 seconds, 3,090,480 total bytes, 210,226,723 bytes per second
[2025.11.17-13.03.54:654][  0]LogIoStore: Display: Processing shader libraries, compressing with Oodle Mermaid, level 4 (Normal)
[2025.11.17-13.03.54:664][  0]LogShaderLibrary: Display: Created IoStoreShaderArchive header: shaders grouped in 379 groups (139 of them didn't need new indices), average uncompressed size 150965 bytes, min 249 bytes, max 1048075 bytes (r.ShaderCodeLibrary.MaxShaderGroupSize=1048576)
[2025.11.17-13.03.54:768][  0]LogIoStore: Display: Global-PCD3D_SM5(PCD3D_SM5): Recompressed 4106 shaders as 379 groups. Library size changed from 12766 KB (4.38 : 1 ratio) to 5612 KB (9.96 : 1 ratio), 43.96% of previous.
[2025.11.17-13.03.54:825][  0]LogShaderLibrary: Display: Created IoStoreShaderArchive header: shaders grouped in 636 groups (187 of them didn't need new indices), average uncompressed size 298237 bytes, min 1249 bytes, max 1045520 bytes (r.ShaderCodeLibrary.MaxShaderGroupSize=1048576)
[2025.11.17-13.03.56:128][  0]LogIoStore: Display: Global-PCD3D_SM6(PCD3D_SM6): Recompressed 10691 shaders as 636 groups. Library size changed from 140593 KB (1.32 : 1 ratio) to 82364 KB (2.25 : 1 ratio), 58.58% of previous.
[2025.11.17-13.03.56:138][  0]LogShaderLibrary: Display: Created IoStoreShaderArchive header: shaders grouped in 202 groups (88 of them didn't need new indices), average uncompressed size 66686 bytes, min 490 bytes, max 966610 bytes (r.ShaderCodeLibrary.MaxShaderGroupSize=1048576)
[2025.11.17-13.03.56:166][  0]LogIoStore: Display: SandsOfSet-PCD3D_SM5(PCD3D_SM5): Recompressed 1251 shaders as 202 groups. Library size changed from 3644 KB (3.61 : 1 ratio) to 1590 KB (8.27 : 1 ratio), 43.64% of previous.
[2025.11.17-13.03.56:176][  0]LogShaderLibrary: Display: Created IoStoreShaderArchive header: shaders grouped in 233 groups (61 of them didn't need new indices), average uncompressed size 132575 bytes, min 2342 bytes, max 964028 bytes (r.ShaderCodeLibrary.MaxShaderGroupSize=1048576)
[2025.11.17-13.03.56:352][  0]LogIoStore: Display: SandsOfSet-PCD3D_SM6(PCD3D_SM6): Recompressed 2473 shaders as 233 groups. Library size changed from 23194 KB (1.30 : 1 ratio) to 15419 KB (1.96 : 1 ratio), 66.48% of previous.
[2025.11.17-13.03.56:355][  0]LogIoStore: Display: Shaders processed in 1.70 seconds
[2025.11.17-13.03.56:356][  0]LogIoStore: Display: Initialized WriteRequestManager with MaxConcurrentSourceReads=6 (12 cores), MaxSourceBufferMemory=3072MiB
[2025.11.17-13.03.56:361][  0]LogIoStore: Display: Processing redirects...
[2025.11.17-13.03.56:361][  0]LogIoStore: Display: Creating disk layout...
[2025.11.17-13.03.56:363][  0]LogIoStore: Display: Ordered 1053 packages using fallback bundle order
[2025.11.17-13.03.56:384][  0]LogIoStore: Display: Serializing container(s)...
[2025.11.17-13.03.58:199][  0]LogIoStore: Display: Writing and compressing took 1.71 seconds, writes to disk took 0.53 seconds for 366,691,616 bytes @ 696,819,840 bytes per second.
[2025.11.17-13.03.58:199][  0]LogIoStore: Display: global: Found perfect hashmap for 1 items.
[2025.11.17-13.03.58:199][  0]LogIoStore: Display: SandsOfSet-Windows: Found perfect hashmap for 2909 items.
[2025.11.17-13.03.58:206][  0]LogIoStore: Display: Finalize took 0.0 seconds for 2 writers to write 366,060 bytes, 46,045,283 bytes per second
[2025.11.17-13.03.58:206][  0]LogIoStore: Display: Writing tocs... [Physical: 1061 MiB, Virtual: 3651 MiB]
[2025.11.17-13.03.58:208][  0]LogIoStore: Display: 402 / 2,910 hashes were loaded from the hash database, by type:
[2025.11.17-13.03.58:208][  0]LogIoStore: Display:     BulkData                   402
[2025.11.17-13.03.58:208][  0]LogIoStore: Display: 1,455 / 2,910 chunks attempted to compress, by type:
[2025.11.17-13.03.58:208][  0]LogIoStore: Display:     ExportBundleData           1,053 / 1,053
[2025.11.17-13.03.58:208][  0]LogIoStore: Display:     BulkData                   402 / 402
[2025.11.17-13.03.58:208][  0]LogIoStore: Display:     ScriptObjects              0 / 1
[2025.11.17-13.03.58:208][  0]LogIoStore: Display:     ContainerHeader            0 / 1
[2025.11.17-13.03.58:208][  0]LogIoStore: Display:     ShaderCodeLibrary          0 / 4
[2025.11.17-13.03.58:208][  0]LogIoStore: Display:     ShaderCode                 0 / 1,449
[2025.11.17-13.03.58:208][  0]LogIoStore: Display: Source bytes read:
[2025.11.17-13.03.58:208][  0]LogIoStore: Display:     Zen:                                  0
[2025.11.17-13.03.58:208][  0]LogIoStore: Display:     Loose File:                 869,542,969
[2025.11.17-13.03.58:208][  0]LogIoStore: Display:         ExportBundleData        582,047,256 bytes over 2,106 reads
[2025.11.17-13.03.58:208][  0]LogIoStore: Display:         BulkData                287,495,713 bytes over 402 reads
[2025.11.17-13.03.58:208][  0]LogIoStore: Display:     Memory:                     216,495,954
[2025.11.17-13.03.58:208][  0]LogIoStore: Display:         ShaderCodeLibrary         1,484,344 bytes over 8 reads
[2025.11.17-13.03.58:208][  0]LogIoStore: Display:         ShaderCode              215,011,610 bytes over 2,898 reads
[2025.11.17-13.03.58:208][  0]LogIoStore: Display: Calculating stats...
[2025.11.17-13.03.58:208][  0]LogIoStore: Display: 
[2025.11.17-13.03.58:208][  0]LogIoStore: Display: Container Summary
[2025.11.17-13.03.58:208][  0]LogIoStore: Display: ==================
[2025.11.17-13.03.58:208][  0]LogIoStore: Display: 
[2025.11.17-13.03.58:208][  0]LogIoStore: Display: Container                                               Flags      Chunk(s) #       TOC (KiB)       Raw Size (MiB)           Size (MiB)
[2025.11.17-13.03.58:208][  0]LogIoStore: Display: ----------------------------------------------------------------------------------------------------------------------------------------------
[2025.11.17-13.03.58:208][  0]LogIoStore: Display: global                                              -/-/-/-/-               1            0.66                 2.44                 2.44 -
[2025.11.17-13.03.58:208][  0]LogIoStore: Display: SandsOfSet-Windows                                  C/-/-/I/-            2909          356.82               659.31               347.26 (47.33% Oodle)
[2025.11.17-13.03.58:208][  0]LogIoStore: Display: ----------------------------------------------------------------------------------------------------------------------------------------------
[2025.11.17-13.03.58:208][  0]LogIoStore: Display: Total                                                                    2910          357.48               661.75               349.70
[2025.11.17-13.03.58:208][  0]LogIoStore: Display: 
[2025.11.17-13.03.58:208][  0]LogIoStore: Display: ** Flags: (C)ompressed / (E)ncrypted / (S)igned) / (I)ndexed) / (O)nDemand **
[2025.11.17-13.03.58:208][  0]LogIoStore: Display: 
[2025.11.17-13.03.58:208][  0]LogIoStore: Display: Compression block padding:     2.21 MiB
[2025.11.17-13.03.58:208][  0]LogIoStore: Display: 
[2025.11.17-13.03.58:208][  0]LogIoStore: Display: Container Directory Index
[2025.11.17-13.03.58:208][  0]LogIoStore: Display: ==========================
[2025.11.17-13.03.58:208][  0]LogIoStore: Display: 
[2025.11.17-13.03.58:208][  0]LogIoStore: Display: Container                                          Size (KiB)
[2025.11.17-13.03.58:208][  0]LogIoStore: Display: ----------------------------------------------------------------------------------------------------------------------------------------------
[2025.11.17-13.03.58:208][  0]LogIoStore: Display: global                                                   0.00
[2025.11.17-13.03.58:208][  0]LogIoStore: Display: SandsOfSet-Windows                                      71.14
[2025.11.17-13.03.58:208][  0]LogIoStore: Display: 
[2025.11.17-13.03.58:208][  0]LogIoStore: Display: Container Patch Report
[2025.11.17-13.03.58:208][  0]LogIoStore: Display: ========================
[2025.11.17-13.03.58:208][  0]LogIoStore: Display: 
[2025.11.17-13.03.58:208][  0]LogIoStore: Display: Container                                             Total #       Modified #          Added #   Modified (MiB)      Added (MiB)
[2025.11.17-13.03.58:208][  0]LogIoStore: Display: ----------------------------------------------------------------------------------------------------------------------------------------------
[2025.11.17-13.03.58:208][  0]LogIoStore: Display: global                                                      1                0                0             0.00             0.00
[2025.11.17-13.03.58:208][  0]LogIoStore: Display: SandsOfSet-Windows                                       2909                0             2909             0.00           345.05
[2025.11.17-13.03.58:208][  0]LogIoStore: Display: 
[2025.11.17-13.03.58:208][  0]LogIoStore: Display: PackageStore
[2025.11.17-13.03.58:208][  0]LogIoStore: Display: =============
[2025.11.17-13.03.58:208][  0]LogIoStore: Display: 
[2025.11.17-13.03.58:208][  0]LogIoStore: Display: Container                                          Size (KiB)      Packages #     Localized #
[2025.11.17-13.03.58:208][  0]LogIoStore: Display: ----------------------------------------------------------------------------------------------------------------------------------------------
[2025.11.17-13.03.58:208][  0]LogIoStore: Display: SandsOfSet-Windows                                         36            1053               0
[2025.11.17-13.03.58:208][  0]LogIoStore: Display: ----------------------------------------------------------------------------------------------------------------------------------------------
[2025.11.17-13.03.58:208][  0]LogIoStore: Display: Total                                                      36            1053               0
[2025.11.17-13.03.58:208][  0]LogIoStore: Display: 
[2025.11.17-13.03.58:208][  0]LogIoStore: Display: 
[2025.11.17-13.03.58:208][  0]LogIoStore: Display: Input:      1053 Packages
[2025.11.17-13.03.58:208][  0]LogIoStore: Display: Input:      0.27 GB UExp
[2025.11.17-13.03.58:208][  0]LogIoStore: Display: Input:      0.00 GB UAsset
[2025.11.17-13.03.58:208][  0]LogIoStore: Display: Input:      0.27 GB UBulk
[2025.11.17-13.03.58:208][  0]LogIoStore: Display: Input:     85.91 MB for 1015 Global shaders
[2025.11.17-13.03.58:208][  0]LogIoStore: Display: Input:      2.03 MB for 192 Shared shaders
[2025.11.17-13.03.58:208][  0]LogIoStore: Display: Input:      0.00 MB for 0 Unique shaders
[2025.11.17-13.03.58:208][  0]LogIoStore: Display: Input:     14.58 MB for 242 Inline shaders
[2025.11.17-13.03.58:208][  0]LogIoStore: Display: 
[2025.11.17-13.03.58:208][  0]LogIoStore: Display: Output:    13176 Name map entries
[2025.11.17-13.03.58:209][  0]LogIoStore: Display: Output:     1494 Imported package entries
[2025.11.17-13.03.58:209][  0]LogIoStore: Display: Output:      550 Packages without imports
[2025.11.17-13.03.58:209][  0]LogIoStore: Display: Output:        0 Public runtime script objects
[2025.11.17-13.03.58:209][  0]LogIoStore: Display: Output:     0.00 GB HeaderData
[2025.11.17-13.03.58:209][  0]LogIoStore: Display: Output:     2.44 MB InitialLoadData
[2025.11.17-13.03.58:209][  0]LogIoStore: Display: 
[2025.11.17-13.03.58:214][  0]LogPakFile: Display: UnrealPak executed in 3.737279 seconds
[2025.11.17-13.03.58:222][  0]LogCore: Engine exit requested (reason: UnrealPak Exiting)
[2025.11.17-13.03.58:222][  0]LogExit: Preparing to exit.
[2025.11.17-13.03.58:223][  0]LogExit: Object subsystem successfully closed.
[2025.11.17-13.03.58:224][  0]LogPakFile: Destroying PakPlatformFile
[2025.11.17-13.03.58:225][  0]LogExit: Exiting.
[2025.11.17-13.03.58:233][  0]Log file closed, 11/17/25 08:03:58
